00:00 +0: loading /Users/macbookpro/Pant-Store-UI/test/widget_test.dart                                                                                                                                00:01 +0: loading /Users/macbookpro/Pant-Store-UI/test/widget_test.dart                                                                                                                                00:02 +0: loading /Users/macbookpro/Pant-Store-UI/test/widget_test.dart                                                                                                                                00:03 +0: loading /Users/macbookpro/Pant-Store-UI/test/widget_test.dart                                                                                                                                00:03 +0: App smoke test                                                                                                                                                                               00:04 +0: App smoke test                                                                                                                                                                               00:05 +0: App smoke test                                                                                                                                                                               00:05 +0: App smoke test                                                                                                                                                                               
Error: google_fonts was unable to load font Poppins-SemiBold because the following exception occurred:
Unable to load asset: "AssetManifest.json".
The asset does not exist or has empty data.

There is likely something wrong with your test. Please see https://github.com/material-foundation/flutter-packages/blob/main/packages/google_fonts/example/test for examples of how to test with google_fonts.
If troubleshooting doesn't solve the problem, please file an issue at https://github.com/material-foundation/flutter-packages/issues/new/choose.

══╡ EXCEPTION CAUGHT BY FLUTTER TEST FRAMEWORK ╞════════════════════════════════════════════════════
The following assertion was thrown running a test:
Unable to load asset: "AssetManifest.json".
The asset does not exist or has empty data.

When the exception was thrown, this was the stack:
#0      PlatformAssetBundle.load (package:flutter/src/services/asset_bundle.dart:340:7)
#1      AssetBundle.loadString (package:flutter/src/services/asset_bundle.dart:92:33)
#2      CachingAssetBundle.loadString.<anonymous closure> (package:flutter/src/services/asset_bundle.dart:193:56)
#3      _LinkedHashMapMixin.putIfAbsent (dart:_compact_hash:675:23)
#4      CachingAssetBundle.loadString (package:flutter/src/services/asset_bundle.dart:193:27)
#5      AssetManifest._loadAssetManifestJson (package:google_fonts/src/asset_manifest.dart:34:43)
#6      AssetManifest.json (package:google_fonts/src/asset_manifest.dart:28:21)
#7      loadFontIfNecessary (package:google_fonts/src/google_fonts_base.dart:152:51)
#8      googleFontsTextStyle (package:google_fonts/src/google_fonts_base.dart:115:25)
#9      PartP.poppins (package:google_fonts/src/google_fonts_parts/part_p.dart:5761:12)
#10     _LoginScreenState.build (package:plant_app/screens/login_screen.dart:79:55)
#11     StatefulElement.build (package:flutter/src/widgets/framework.dart:5934:27)
#12     ComponentElement.performRebuild (package:flutter/src/widgets/framework.dart:5820:15)
#13     StatefulElement.performRebuild (package:flutter/src/widgets/framework.dart:5985:11)
#14     Element.rebuild (package:flutter/src/widgets/framework.dart:5532:7)
#15     ComponentElement._firstBuild (package:flutter/src/widgets/framework.dart:5802:5)
#16     StatefulElement._firstBuild (package:flutter/src/widgets/framework.dart:5976:11)
#17     ComponentElement.mount (package:flutter/src/widgets/framework.dart:5796:5)
...     Normal element mounting (260 frames)
#277    Element.inflateWidget (package:flutter/src/widgets/framework.dart:4590:20)
#278    MultiChildRenderObjectElement.inflateWidget (package:flutter/src/widgets/framework.dart:7269:36)
#279    MultiChildRenderObjectElement.mount (package:flutter/src/widgets/framework.dart:7285:32)
...     Normal element mounting (460 frames)
#739    _InheritedProviderScopeElement.mount (package:provider/src/inherited_provider.dart:424:11)
...     Normal element mounting (7 frames)
#746    SingleChildWidgetElementMixin.mount (package:nested/nested.dart:222:11)
...     Normal element mounting (7 frames)
#753    _NestedHookElement.mount (package:nested/nested.dart:187:11)
...     Normal element mounting (7 frames)
#760    SingleChildWidgetElementMixin.mount (package:nested/nested.dart:222:11)
#761    Element.inflateWidget (package:flutter/src/widgets/framework.dart:4590:20)
#762    Element.updateChild (package:flutter/src/widgets/framework.dart:4053:20)
#763    ComponentElement.performRebuild (package:flutter/src/widgets/framework.dart:5844:16)
#764    Element.rebuild (package:flutter/src/widgets/framework.dart:5532:7)
#765    ProxyElement.update (package:flutter/src/widgets/framework.dart:6152:5)
#766    _InheritedNotifierElement.update (package:flutter/src/widgets/inherited_notifier.dart:108:11)
#767    Element.updateChild (package:flutter/src/widgets/framework.dart:4037:15)
#768    ComponentElement.performRebuild (package:flutter/src/widgets/framework.dart:5844:16)
#769    StatefulElement.performRebuild (package:flutter/src/widgets/framework.dart:5985:11)
#770    Element.rebuild (package:flutter/src/widgets/framework.dart:5532:7)
#771    StatefulElement.update (package:flutter/src/widgets/framework.dart:6010:5)
#772    Element.updateChild (package:flutter/src/widgets/framework.dart:4037:15)
#773    ComponentElement.performRebuild (package:flutter/src/widgets/framework.dart:5844:16)
#774    Element.rebuild (package:flutter/src/widgets/framework.dart:5532:7)
#775    ProxyElement.update (package:flutter/src/widgets/framework.dart:6152:5)
#776    _InheritedNotifierElement.update (package:flutter/src/widgets/inherited_notifier.dart:108:11)
#777    Element.updateChild (package:flutter/src/widgets/framework.dart:4037:15)
#778    ComponentElement.performRebuild (package:flutter/src/widgets/framework.dart:5844:16)
#779    StatefulElement.performRebuild (package:flutter/src/widgets/framework.dart:5985:11)
#780    Element.rebuild (package:flutter/src/widgets/framework.dart:5532:7)
#781    StatefulElement.update (package:flutter/src/widgets/framework.dart:6010:5)
#782    Element.updateChild (package:flutter/src/widgets/framework.dart:4037:15)
#783    ComponentElement.performRebuild (package:flutter/src/widgets/framework.dart:5844:16)
#784    StatefulElement.performRebuild (package:flutter/src/widgets/framework.dart:5985:11)
#785    Element.rebuild (package:flutter/src/widgets/framework.dart:5532:7)
#786    StatefulElement.update (package:flutter/src/widgets/framework.dart:6010:5)
#787    Element.updateChild (package:flutter/src/widgets/framework.dart:4037:15)
#788    ComponentElement.performRebuild (package:flutter/src/widgets/framework.dart:5844:16)
#789    Element.rebuild (package:flutter/src/widgets/framework.dart:5532:7)
#790    ProxyElement.update (package:flutter/src/widgets/framework.dart:6152:5)
#791    Element.updateChild (package:flutter/src/widgets/framework.dart:4037:15)
#792    ComponentElement.performRebuild (package:flutter/src/widgets/framework.dart:5844:16)
#793    StatefulElement.performRebuild (package:flutter/src/widgets/framework.dart:5985:11)
#794    Element.rebuild (package:flutter/src/widgets/framework.dart:5532:7)
#795    StatefulElement.update (package:flutter/src/widgets/framework.dart:6010:5)
#796    Element.updateChild (package:flutter/src/widgets/framework.dart:4037:15)
#797    ComponentElement.performRebuild (package:flutter/src/widgets/framework.dart:5844:16)
#798    Element.rebuild (package:flutter/src/widgets/framework.dart:5532:7)
#799    ProxyElement.update (package:flutter/src/widgets/framework.dart:6152:5)
#800    Element.updateChild (package:flutter/src/widgets/framework.dart:4037:15)
#801    ComponentElement.performRebuild (package:flutter/src/widgets/framework.dart:5844:16)
#802    Element.rebuild (package:flutter/src/widgets/framework.dart:5532:7)
#803    ProxyElement.update (package:flutter/src/widgets/framework.dart:6152:5)
#804    Element.updateChild (package:flutter/src/widgets/framework.dart:4037:15)
#805    _RawViewElement._updateChild (package:flutter/src/widgets/view.dart:481:16)
#806    _RawViewElement.update (package:flutter/src/widgets/view.dart:568:5)
#807    Element.updateChild (package:flutter/src/widgets/framework.dart:4037:15)
#808    ComponentElement.performRebuild (package:flutter/src/widgets/framework.dart:5844:16)
#809    Element.rebuild (package:flutter/src/widgets/framework.dart:5532:7)
#810    StatelessElement.update (package:flutter/src/widgets/framework.dart:5898:5)
#811    Element.updateChild (package:flutter/src/widgets/framework.dart:4037:15)
#812    ComponentElement.performRebuild (package:flutter/src/widgets/framework.dart:5844:16)
#813    StatefulElement.performRebuild (package:flutter/src/widgets/framework.dart:5985:11)
#814    Element.rebuild (package:flutter/src/widgets/framework.dart:5532:7)
#815    StatefulElement.update (package:flutter/src/widgets/framework.dart:6010:5)
#816    Element.updateChild (package:flutter/src/widgets/framework.dart:4037:15)
#817    RootElement._rebuild (package:flutter/src/widgets/binding.dart:1782:16)
#818    RootElement.update (package:flutter/src/widgets/binding.dart:1760:5)
#819    RootElement.performRebuild (package:flutter/src/widgets/binding.dart:1774:7)
#820    Element.rebuild (package:flutter/src/widgets/framework.dart:5532:7)
#821    BuildScope._tryRebuild (package:flutter/src/widgets/framework.dart:2750:15)
#822    BuildScope._flushDirtyElements (package:flutter/src/widgets/framework.dart:2807:11)
#823    BuildOwner.buildScope (package:flutter/src/widgets/framework.dart:3111:18)
#824    AutomatedTestWidgetsFlutterBinding.drawFrame (package:flutter_test/src/binding.dart:1506:19)
#825    RendererBinding._handlePersistentFrameCallback (package:flutter/src/rendering/binding.dart:495:5)
#826    SchedulerBinding._invokeFrameCallback (package:flutter/src/scheduler/binding.dart:1434:15)
#827    SchedulerBinding.handleDrawFrame (package:flutter/src/scheduler/binding.dart:1347:9)
#828    AutomatedTestWidgetsFlutterBinding.pump.<anonymous closure> (package:flutter_test/src/binding.dart:1335:9)
#831    TestAsyncUtils.guard (package:flutter_test/src/test_async_utils.dart:74:41)
#832    AutomatedTestWidgetsFlutterBinding.pump (package:flutter_test/src/binding.dart:1324:27)
#833    WidgetTester.pumpWidget.<anonymous closure> (package:flutter_test/src/widget_tester.dart:598:22)
#836    TestAsyncUtils.guard (package:flutter_test/src/test_async_utils.dart:74:41)
#837    WidgetTester.pumpWidget (package:flutter_test/src/widget_tester.dart:595:27)
#838    main.<anonymous closure> (file:///Users/macbookpro/Pant-Store-UI/test/widget_test.dart:18:18)
#839    testWidgets.<anonymous closure>.<anonymous closure> (package:flutter_test/src/widget_tester.dart:192:29)
<asynchronous suspension>
#840    TestWidgetsFlutterBinding._runTestBody (package:flutter_test/src/binding.dart:1059:5)
<asynchronous suspension>
<asynchronous suspension>
(elided 5 frames from dart:async and package:stack_trace)

The test description was:
  App smoke test
════════════════════════════════════════════════════════════════════════════════════════════════════
00:05 +0 -1: App smoke test [E]                                                                                                                                                                        
  Test failed. See exception logs above.
  The test description was: App smoke test
  
Error: google_fonts was unable to load font Poppins-Regular because the following exception occurred:
Unable to load asset: "AssetManifest.json".
The asset does not exist or has empty data.

There is likely something wrong with your test. Please see https://github.com/material-foundation/flutter-packages/blob/main/packages/google_fonts/example/test for examples of how to test with google_fonts.
If troubleshooting doesn't solve the problem, please file an issue at https://github.com/material-foundation/flutter-packages/issues/new/choose.

══╡ EXCEPTION CAUGHT BY FLUTTER TEST FRAMEWORK ╞════════════════════════════════════════════════════
The following assertion was thrown running a test (but after the test had completed):
Unable to load asset: "AssetManifest.json".
The asset does not exist or has empty data.

When the exception was thrown, this was the stack:
#0      PlatformAssetBundle.load (package:flutter/src/services/asset_bundle.dart:340:7)
#1      AssetBundle.loadString (package:flutter/src/services/asset_bundle.dart:92:33)
#2      CachingAssetBundle.loadString.<anonymous closure> (package:flutter/src/services/asset_bundle.dart:193:56)
#3      _LinkedHashMapMixin.putIfAbsent (dart:_compact_hash:675:23)
#4      CachingAssetBundle.loadString (package:flutter/src/services/asset_bundle.dart:193:27)
#5      AssetManifest._loadAssetManifestJson (package:google_fonts/src/asset_manifest.dart:34:43)
#6      AssetManifest.json (package:google_fonts/src/asset_manifest.dart:28:21)
#7      loadFontIfNecessary (package:google_fonts/src/google_fonts_base.dart:152:51)
#8      googleFontsTextStyle (package:google_fonts/src/google_fonts_base.dart:115:25)
#9      PartP.poppins (package:google_fonts/src/google_fonts_parts/part_p.dart:5761:12)
#10     _LoginScreenState.build (package:plant_app/screens/login_screen.dart:79:55)
#11     StatefulElement.build (package:flutter/src/widgets/framework.dart:5934:27)
#12     ComponentElement.performRebuild (package:flutter/src/widgets/framework.dart:5820:15)
#13     StatefulElement.performRebuild (package:flutter/src/widgets/framework.dart:5985:11)
#14     Element.rebuild (package:flutter/src/widgets/framework.dart:5532:7)
#15     ComponentElement._firstBuild (package:flutter/src/widgets/framework.dart:5802:5)
#16     StatefulElement._firstBuild (package:flutter/src/widgets/framework.dart:5976:11)
#17     ComponentElement.mount (package:flutter/src/widgets/framework.dart:5796:5)
...     Normal element mounting (260 frames)
#277    Element.inflateWidget (package:flutter/src/widgets/framework.dart:4590:20)
#278    MultiChildRenderObjectElement.inflateWidget (package:flutter/src/widgets/framework.dart:7269:36)
#279    MultiChildRenderObjectElement.mount (package:flutter/src/widgets/framework.dart:7285:32)
...     Normal element mounting (460 frames)
#739    _InheritedProviderScopeElement.mount (package:provider/src/inherited_provider.dart:424:11)
...     Normal element mounting (7 frames)
#746    SingleChildWidgetElementMixin.mount (package:nested/nested.dart:222:11)
...     Normal element mounting (7 frames)
#753    _NestedHookElement.mount (package:nested/nested.dart:187:11)
...     Normal element mounting (7 frames)
#760    SingleChildWidgetElementMixin.mount (package:nested/nested.dart:222:11)
#761    Element.inflateWidget (package:flutter/src/widgets/framework.dart:4590:20)
#762    Element.updateChild (package:flutter/src/widgets/framework.dart:4053:20)
#763    ComponentElement.performRebuild (package:flutter/src/widgets/framework.dart:5844:16)
#764    Element.rebuild (package:flutter/src/widgets/framework.dart:5532:7)
#765    ProxyElement.update (package:flutter/src/widgets/framework.dart:6152:5)
#766    _InheritedNotifierElement.update (package:flutter/src/widgets/inherited_notifier.dart:108:11)
#767    Element.updateChild (package:flutter/src/widgets/framework.dart:4037:15)
#768    ComponentElement.performRebuild (package:flutter/src/widgets/framework.dart:5844:16)
#769    StatefulElement.performRebuild (package:flutter/src/widgets/framework.dart:5985:11)
#770    Element.rebuild (package:flutter/src/widgets/framework.dart:5532:7)
#771    StatefulElement.update (package:flutter/src/widgets/framework.dart:6010:5)
#772    Element.updateChild (package:flutter/src/widgets/framework.dart:4037:15)
#773    ComponentElement.performRebuild (package:flutter/src/widgets/framework.dart:5844:16)
#774    Element.rebuild (package:flutter/src/widgets/framework.dart:5532:7)
#775    ProxyElement.update (package:flutter/src/widgets/framework.dart:6152:5)
#776    _InheritedNotifierElement.update (package:flutter/src/widgets/inherited_notifier.dart:108:11)
#777    Element.updateChild (package:flutter/src/widgets/framework.dart:4037:15)
#778    ComponentElement.performRebuild (package:flutter/src/widgets/framework.dart:5844:16)
#779    StatefulElement.performRebuild (package:flutter/src/widgets/framework.dart:5985:11)
#780    Element.rebuild (package:flutter/src/widgets/framework.dart:5532:7)
#781    StatefulElement.update (package:flutter/src/widgets/framework.dart:6010:5)
#782    Element.updateChild (package:flutter/src/widgets/framework.dart:4037:15)
#783    ComponentElement.performRebuild (package:flutter/src/widgets/framework.dart:5844:16)
#784    StatefulElement.performRebuild (package:flutter/src/widgets/framework.dart:5985:11)
#785    Element.rebuild (package:flutter/src/widgets/framework.dart:5532:7)
#786    StatefulElement.update (package:flutter/src/widgets/framework.dart:6010:5)
#787    Element.updateChild (package:flutter/src/widgets/framework.dart:4037:15)
#788    ComponentElement.performRebuild (package:flutter/src/widgets/framework.dart:5844:16)
#789    Element.rebuild (package:flutter/src/widgets/framework.dart:5532:7)
#790    ProxyElement.update (package:flutter/src/widgets/framework.dart:6152:5)
#791    Element.updateChild (package:flutter/src/widgets/framework.dart:4037:15)
#792    ComponentElement.performRebuild (package:flutter/src/widgets/framework.dart:5844:16)
#793    StatefulElement.performRebuild (package:flutter/src/widgets/framework.dart:5985:11)
#794    Element.rebuild (package:flutter/src/widgets/framework.dart:5532:7)
#795    StatefulElement.update (package:flutter/src/widgets/framework.dart:6010:5)
#796    Element.updateChild (package:flutter/src/widgets/framework.dart:4037:15)
#797    ComponentElement.performRebuild (package:flutter/src/widgets/framework.dart:5844:16)
#798    Element.rebuild (package:flutter/src/widgets/framework.dart:5532:7)
#799    ProxyElement.update (package:flutter/src/widgets/framework.dart:6152:5)
#800    Element.updateChild (package:flutter/src/widgets/framework.dart:4037:15)
#801    ComponentElement.performRebuild (package:flutter/src/widgets/framework.dart:5844:16)
#802    Element.rebuild (package:flutter/src/widgets/framework.dart:5532:7)
#803    ProxyElement.update (package:flutter/src/widgets/framework.dart:6152:5)
#804    Element.updateChild (package:flutter/src/widgets/framework.dart:4037:15)
#805    _RawViewElement._updateChild (package:flutter/src/widgets/view.dart:481:16)
#806    _RawViewElement.update (package:flutter/src/widgets/view.dart:568:5)
#807    Element.updateChild (package:flutter/src/widgets/framework.dart:4037:15)
#808    ComponentElement.performRebuild (package:flutter/src/widgets/framework.dart:5844:16)
#809    Element.rebuild (package:flutter/src/widgets/framework.dart:5532:7)
#810    StatelessElement.update (package:flutter/src/widgets/framework.dart:5898:5)
#811    Element.updateChild (package:flutter/src/widgets/framework.dart:4037:15)
#812    ComponentElement.performRebuild (package:flutter/src/widgets/framework.dart:5844:16)
#813    StatefulElement.performRebuild (package:flutter/src/widgets/framework.dart:5985:11)
#814    Element.rebuild (package:flutter/src/widgets/framework.dart:5532:7)
#815    StatefulElement.update (package:flutter/src/widgets/framework.dart:6010:5)
#816    Element.updateChild (package:flutter/src/widgets/framework.dart:4037:15)
#817    RootElement._rebuild (package:flutter/src/widgets/binding.dart:1782:16)
#818    RootElement.update (package:flutter/src/widgets/binding.dart:1760:5)
#819    RootElement.performRebuild (package:flutter/src/widgets/binding.dart:1774:7)
#820    Element.rebuild (package:flutter/src/widgets/framework.dart:5532:7)
#821    BuildScope._tryRebuild (package:flutter/src/widgets/framework.dart:2750:15)
#822    BuildScope._flushDirtyElements (package:flutter/src/widgets/framework.dart:2807:11)
#823    BuildOwner.buildScope (package:flutter/src/widgets/framework.dart:3111:18)
#824    AutomatedTestWidgetsFlutterBinding.drawFrame (package:flutter_test/src/binding.dart:1506:19)
#825    RendererBinding._handlePersistentFrameCallback (package:flutter/src/rendering/binding.dart:495:5)
#826    SchedulerBinding._invokeFrameCallback (package:flutter/src/scheduler/binding.dart:1434:15)
#827    SchedulerBinding.handleDrawFrame (package:flutter/src/scheduler/binding.dart:1347:9)
#828    AutomatedTestWidgetsFlutterBinding.pump.<anonymous closure> (package:flutter_test/src/binding.dart:1335:9)
#831    TestAsyncUtils.guard (package:flutter_test/src/test_async_utils.dart:74:41)
#832    AutomatedTestWidgetsFlutterBinding.pump (package:flutter_test/src/binding.dart:1324:27)
#833    WidgetTester.pumpWidget.<anonymous closure> (package:flutter_test/src/widget_tester.dart:598:22)
#836    TestAsyncUtils.guard (package:flutter_test/src/test_async_utils.dart:74:41)
#837    WidgetTester.pumpWidget (package:flutter_test/src/widget_tester.dart:595:27)
#838    main.<anonymous closure> (file:///Users/macbookpro/Pant-Store-UI/test/widget_test.dart:18:18)
#839    testWidgets.<anonymous closure>.<anonymous closure> (package:flutter_test/src/widget_tester.dart:192:29)
<asynchronous suspension>
#840    TestWidgetsFlutterBinding._runTestBody (package:flutter_test/src/binding.dart:1059:5)
<asynchronous suspension>
<asynchronous suspension>
(elided 5 frames from dart:async and package:stack_trace)
════════════════════════════════════════════════════════════════════════════════════════════════════
  Test failed. See exception logs above.
  The test description was: App smoke test
  

To run this test again: /Users/macbookpro/development/flutter/bin/cache/dart-sdk/bin/dart test /Users/macbookpro/Pant-Store-UI/test/widget_test.dart -p vm --plain-name 'App smoke test'
00:05 +0 -1: Some tests failed.                                                                                                                                                                        
